// Jest Snapshot v1, https://jestjs.io/docs/snapshot-testing

exports[`generateVpcConfig should generate a vpc.tfvars file with the correct content 1`] = `
"project_name = "test-project"
aws_region = "us-west-2"
domain_name = "example.org""
`;
